[2026-09-19T05:56:01Z] === ENRICH ITERATION 1 START | repo=Kludex/uvicorn sha=1dfb0bd8 ===
[2026-09-19T05:56:01Z] [iter=1] PHASE START: enrich repo=Kludex/uvicorn sha=1dfb0bd8 runlog=/home/runner/work/forx/forx/storage/aggregate/lsp/logs/1dfb0bd8-enrich-iter-001.log output=/home/runner/work/forx/forx/storage/aggregate/lsp/1dfb0bd885bbb0c466c19eee8bb2001bed59ca8c.nq.gz
[2026-09-19T05:56:12Z] [iter=1] Step 1: Loading AST into disk-backed store mem_mb=79 MB
[2026-09-19T05:56:15Z] [iter=1] AST store loaded triples=550015 load_secs=4 mem_mb=790 MB
[2026-09-19T05:56:15Z] [iter=1] Step 2: Finding LSP targets mem_mb=790 MB
[2026-09-19T05:56:16Z] [iter=1] LSP targets found call_sites=3428 imports=0 extends=0 implements=0 secs=1
[2026-09-19T05:56:17Z] [iter=1] Step 2.7: Building position index (one-shot, shared across resolvers) mem_mb=790 MB
[2026-09-19T05:56:20Z] [iter=1] Position index built positions=36984 nodes_with_types=48167 secs=3 mem_mb=790 MB
[2026-09-19T05:56:20Z] [iter=1] Step 3: Starting LSP resolution mem_mb=790 MB already_completed_types=[] already_completed_files=0
[2026-09-19T05:56:20Z] [iter=1] Resolving target type target_type=call_site count=3428
[2026-09-19T05:57:03Z] [iter=1] HEARTBEAT target_type=call_site elapsed_min=1.0 files_done=2 resolved=68 errors=155 current=tests/test_config.py
[2026-09-19T05:57:40Z] [iter=1] HEARTBEAT target_type=call_site elapsed_min=1.6 files_done=4 resolved=188 errors=307 current=uvicorn/protocols/websockets/wsproto_impl.py
[2026-09-19T05:58:50Z] [iter=1] HEARTBEAT target_type=call_site elapsed_min=2.8 files_done=8 resolved=392 errors=595 current=uvicorn/config.py
[2026-09-19T05:59:22Z] [iter=1] HEARTBEAT target_type=call_site elapsed_min=3.3 files_done=14 resolved=832 errors=707 current=uvicorn/protocols/http/httptools_impl.py
[2026-09-19T05:59:55Z] [iter=1] HEARTBEAT target_type=call_site elapsed_min=3.9 files_done=16 resolved=971 errors=835 current=uvicorn/server.py
[2026-09-19T06:00:25Z] [iter=1] HEARTBEAT target_type=call_site elapsed_min=4.4 files_done=25 resolved=1304 errors=949 current=tests/protocols/test_utils.py
[2026-09-19T06:00:56Z] [iter=1] HEARTBEAT target_type=call_site elapsed_min=4.9 files_done=40 resolved=1571 errors=1072 current=uvicorn/importer.py
[2026-09-19T06:01:08Z] [iter=1] Target type resolved target_type=call_site resolved=1652 errors=1117 secs=288 mem_mb=790 MB
[2026-09-19T06:01:12Z] [iter=1] Step 5: Writing final enrichment file triples=32640
[2026-09-19T06:01:13Z] [iter=1] Enrichment file written path=/home/runner/work/forx/forx/storage/aggregate/lsp/1dfb0bd885bbb0c466c19eee8bb2001bed59ca8c.nq.gz size_kb=642
[2026-09-19T06:01:13Z] [iter=1] PHASE END: enrich elapsed_s=312 elapsed_min=5.2 total_triples=32640
