[2026-09-19T04:55:03Z] === ENRICH ITERATION 1 START | repo=Kludex/uvicorn sha=3850ad65 ===
[2026-09-19T04:55:03Z] [iter=1] PHASE START: enrich repo=Kludex/uvicorn sha=3850ad65 runlog=/home/runner/work/forx/forx/storage/aggregate/lsp/logs/3850ad65-enrich-iter-001.log output=/home/runner/work/forx/forx/storage/aggregate/lsp/3850ad6520cafb290bd4174fa9c4ca5d33440c82.nq.gz
[2026-09-19T04:55:11Z] [iter=1] Step 1: Loading AST into disk-backed store mem_mb=79 MB
[2026-09-19T04:55:19Z] [iter=1] AST store loaded triples=550833 load_secs=7 mem_mb=789 MB
[2026-09-19T04:55:19Z] [iter=1] Step 2: Finding LSP targets mem_mb=789 MB
[2026-09-19T04:55:20Z] [iter=1] LSP targets found call_sites=3429 imports=0 extends=0 implements=0 secs=1
[2026-09-19T04:55:20Z] [iter=1] Step 2.7: Building position index (one-shot, shared across resolvers) mem_mb=789 MB
[2026-09-19T04:55:22Z] [iter=1] Position index built positions=37041 nodes_with_types=48240 secs=2 mem_mb=789 MB
[2026-09-19T04:55:22Z] [iter=1] Step 3: Starting LSP resolution mem_mb=789 MB already_completed_types=[] already_completed_files=0
[2026-09-19T04:55:22Z] [iter=1] Resolving target type target_type=call_site count=3429
[2026-09-19T04:55:38Z] [iter=1] HEARTBEAT target_type=call_site elapsed_min=0.6 files_done=2 resolved=190 errors=60 current=tests/protocols/test_http.py
[2026-09-19T04:56:46Z] [iter=1] HEARTBEAT target_type=call_site elapsed_min=1.7 files_done=4 resolved=281 errors=412 current=tests/test_subprocess.py
[2026-09-19T04:57:17Z] [iter=1] HEARTBEAT target_type=call_site elapsed_min=2.2 files_done=10 resolved=573 errors=556 current=tests/middleware/test_logging.py
[2026-09-19T04:57:48Z] [iter=1] HEARTBEAT target_type=call_site elapsed_min=2.8 files_done=14 resolved=756 errors=704 current=uvicorn/supervisors/multiprocess.py
[2026-09-19T04:58:21Z] [iter=1] HEARTBEAT target_type=call_site elapsed_min=3.3 files_done=22 resolved=1132 errors=854 current=tests/test_lifespan.py
[2026-09-19T04:58:52Z] [iter=1] HEARTBEAT target_type=call_site elapsed_min=3.8 files_done=31 resolved=1346 errors=1018 current=uvicorn/middleware/wsgi.py
[2026-09-19T04:59:14Z] [iter=1] Target type resolved target_type=call_site resolved=1653 errors=1117 secs=231 mem_mb=789 MB
[2026-09-19T04:59:18Z] [iter=1] Step 5: Writing final enrichment file triples=32680
[2026-09-19T04:59:18Z] [iter=1] Enrichment file written path=/home/runner/work/forx/forx/storage/aggregate/lsp/3850ad6520cafb290bd4174fa9c4ca5d33440c82.nq.gz size_kb=639
[2026-09-19T04:59:18Z] [iter=1] PHASE END: enrich elapsed_s=255 elapsed_min=4.2 total_triples=32680
