[2026-09-19T16:32:12Z] === ENRICH ITERATION 1 START | repo=Kludex/uvicorn sha=44a30716 ===
[2026-09-19T16:32:12Z] [iter=1] PHASE START: enrich repo=Kludex/uvicorn sha=44a30716 runlog=/home/runner/work/forx/forx/storage/aggregate/lsp/logs/44a30716-enrich-iter-001.log output=/home/runner/work/forx/forx/storage/aggregate/lsp/44a3071654d6bfb4449da46aa885769820c4f0da.nq.gz
[2026-09-19T16:32:32Z] [iter=1] Step 1: Loading AST into disk-backed store mem_mb=79 MB
[2026-09-19T16:32:35Z] [iter=1] AST store loaded triples=501394 load_secs=3 mem_mb=787 MB
[2026-09-19T16:32:35Z] [iter=1] Step 2: Finding LSP targets mem_mb=787 MB
[2026-09-19T16:32:36Z] [iter=1] LSP targets found call_sites=3209 imports=0 extends=0 implements=0 secs=1
[2026-09-19T16:32:37Z] [iter=1] Step 2.7: Building position index (one-shot, shared across resolvers) mem_mb=787 MB
[2026-09-19T16:32:40Z] [iter=1] Position index built positions=33645 nodes_with_types=43856 secs=3 mem_mb=787 MB
[2026-09-19T16:32:40Z] [iter=1] Step 3: Starting LSP resolution mem_mb=787 MB already_completed_types=[] already_completed_files=0
[2026-09-19T16:32:40Z] [iter=1] Resolving target type target_type=call_site count=3209
[2026-09-19T16:33:15Z] [iter=1] HEARTBEAT target_type=call_site elapsed_min=1.0 files_done=1 resolved=52 errors=138 current=tests/test_server.py
[2026-09-19T16:33:45Z] [iter=1] HEARTBEAT target_type=call_site elapsed_min=1.6 files_done=6 resolved=362 errors=255 current=tests/test_cli.py
[2026-09-19T16:34:16Z] [iter=1] HEARTBEAT target_type=call_site elapsed_min=2.1 files_done=13 resolved=731 errors=369 current=tests/conftest.py
[2026-09-19T16:34:48Z] [iter=1] HEARTBEAT target_type=call_site elapsed_min=2.6 files_done=20 resolved=1066 errors=498 current=uvicorn/supervisors/watchgodreload.py
[2026-09-19T16:35:35Z] [iter=1] HEARTBEAT target_type=call_site elapsed_min=3.4 files_done=22 resolved=1146 errors=712 current=uvicorn/protocols/http/httptools_impl.py
[2026-09-19T16:36:13Z] [iter=1] HEARTBEAT target_type=call_site elapsed_min=4.0 files_done=27 resolved=1338 errors=876 current=tests/test_lifespan.py
[2026-09-19T16:36:45Z] [iter=1] HEARTBEAT target_type=call_site elapsed_min=4.5 files_done=40 resolved=1530 errors=1014 current=tests/test_subprocess.py
[2026-09-19T16:36:53Z] [iter=1] Target type resolved target_type=call_site resolved=1579 errors=1048 secs=253 mem_mb=787 MB
[2026-09-19T16:36:58Z] [iter=1] Step 5: Writing final enrichment file triples=30803
[2026-09-19T16:36:58Z] [iter=1] Enrichment file written path=/home/runner/work/forx/forx/storage/aggregate/lsp/44a3071654d6bfb4449da46aa885769820c4f0da.nq.gz size_kb=603
[2026-09-19T16:36:58Z] [iter=1] PHASE END: enrich elapsed_s=286 elapsed_min=4.8 total_triples=30803
