[2026-09-19T12:04:28Z] === ENRICH ITERATION 1 START | repo=Kludex/uvicorn sha=5279296e ===
[2026-09-19T12:04:28Z] [iter=1] PHASE START: enrich repo=Kludex/uvicorn sha=5279296e runlog=/home/runner/work/forx/forx/storage/aggregate/lsp/logs/5279296e-enrich-iter-001.log output=/home/runner/work/forx/forx/storage/aggregate/lsp/5279296e620fad6c6839263c279ff23b4be8df32.nq.gz
[2026-09-19T12:04:54Z] [iter=1] Step 1: Loading AST into disk-backed store mem_mb=79 MB
[2026-09-19T12:04:58Z] [iter=1] AST store loaded triples=528144 load_secs=4 mem_mb=788 MB
[2026-09-19T12:04:58Z] [iter=1] Step 2: Finding LSP targets mem_mb=788 MB
[2026-09-19T12:04:59Z] [iter=1] LSP targets found call_sites=3267 imports=0 extends=0 implements=0 secs=1
[2026-09-19T12:04:59Z] [iter=1] Step 2.7: Building position index (one-shot, shared across resolvers) mem_mb=788 MB
[2026-09-19T12:05:02Z] [iter=1] Position index built positions=35563 nodes_with_types=46308 secs=2 mem_mb=788 MB
[2026-09-19T12:05:02Z] [iter=1] Step 3: Starting LSP resolution mem_mb=788 MB already_completed_types=[] already_completed_files=0
[2026-09-19T12:05:02Z] [iter=1] Resolving target type target_type=call_site count=3267
[2026-09-19T12:05:03Z] [iter=1] HEARTBEAT target_type=call_site elapsed_min=0.6 files_done=0 resolved=0 errors=0 current=uvicorn/middleware/message_logger.py
[2026-09-19T12:05:34Z] [iter=1] HEARTBEAT target_type=call_site elapsed_min=1.1 files_done=5 resolved=237 errors=115 current=tests/test_auto_detection.py
[2026-09-19T12:06:45Z] [iter=1] HEARTBEAT target_type=call_site elapsed_min=2.3 files_done=8 resolved=315 errors=423 current=uvicorn/supervisors/watchgodreload.py
[2026-09-19T12:07:46Z] [iter=1] HEARTBEAT target_type=call_site elapsed_min=3.3 files_done=15 resolved=757 errors=666 current=uvicorn/main.py
[2026-09-19T12:08:18Z] [iter=1] HEARTBEAT target_type=call_site elapsed_min=3.8 files_done=21 resolved=1002 errors=796 current=uvicorn/server.py
[2026-09-19T12:08:54Z] [iter=1] HEARTBEAT target_type=call_site elapsed_min=4.4 files_done=31 resolved=1432 errors=937 current=tests/test_main.py
[2026-09-19T12:09:24Z] [iter=1] HEARTBEAT target_type=call_site elapsed_min=4.9 files_done=47 resolved=1594 errors=1065 current=uvicorn/__main__.py
[2026-09-19T12:09:26Z] [iter=1] Target type resolved target_type=call_site resolved=1598 errors=1070 secs=264 mem_mb=788 MB
[2026-09-19T12:09:30Z] [iter=1] Step 5: Writing final enrichment file triples=31360
[2026-09-19T12:09:31Z] [iter=1] Enrichment file written path=/home/runner/work/forx/forx/storage/aggregate/lsp/5279296e620fad6c6839263c279ff23b4be8df32.nq.gz size_kb=616
[2026-09-19T12:09:31Z] [iter=1] PHASE END: enrich elapsed_s=302 elapsed_min=5.0 total_triples=31360
