[2026-09-20T04:21:34Z] === ENRICH ITERATION 1 START | repo=Kludex/uvicorn sha=5ee093b3 ===
[2026-09-20T04:21:34Z] [iter=1] PHASE START: enrich repo=Kludex/uvicorn sha=5ee093b3 runlog=/home/runner/work/forx/forx/storage/aggregate/lsp/logs/5ee093b3-enrich-iter-001.log output=/home/runner/work/forx/forx/storage/aggregate/lsp/5ee093b37cb410a462bdeec4ade365298d82bd30.nq.gz
[2026-09-20T04:21:50Z] [iter=1] Step 1: Loading AST into disk-backed store mem_mb=79 MB
[2026-09-20T04:21:53Z] [iter=1] AST store loaded triples=442768 load_secs=3 mem_mb=652 MB
[2026-09-20T04:21:53Z] [iter=1] Step 2: Finding LSP targets mem_mb=652 MB
[2026-09-20T04:21:54Z] [iter=1] LSP targets found call_sites=2970 imports=0 extends=0 implements=0 secs=1
[2026-09-20T04:21:55Z] [iter=1] Step 2.7: Building position index (one-shot, shared across resolvers) mem_mb=652 MB
[2026-09-20T04:21:57Z] [iter=1] Position index built positions=30108 nodes_with_types=38736 secs=2 mem_mb=652 MB
[2026-09-20T04:21:57Z] [iter=1] Step 3: Starting LSP resolution mem_mb=652 MB already_completed_types=[] already_completed_files=0
[2026-09-20T04:21:57Z] [iter=1] Resolving target type target_type=call_site count=2970
[2026-09-20T04:22:14Z] [iter=1] HEARTBEAT target_type=call_site elapsed_min=0.7 files_done=1 resolved=28 errors=86 current=tests/protocols/test_websocket.py
[2026-09-20T04:22:46Z] [iter=1] HEARTBEAT target_type=call_site elapsed_min=1.2 files_done=5 resolved=109 errors=251 current=tests/test_cli.py
[2026-09-20T04:23:18Z] [iter=1] HEARTBEAT target_type=call_site elapsed_min=1.7 files_done=9 resolved=341 errors=387 current=tests/test_lifespan.py
[2026-09-20T04:23:50Z] [iter=1] HEARTBEAT target_type=call_site elapsed_min=2.3 files_done=15 resolved=563 errors=544 current=tests/test_default_headers.py
[2026-09-20T04:24:24Z] [iter=1] HEARTBEAT target_type=call_site elapsed_min=2.8 files_done=26 resolved=1066 errors=681 current=uvicorn/loops/auto.py
[2026-09-20T04:24:59Z] [iter=1] HEARTBEAT target_type=call_site elapsed_min=3.4 files_done=52 resolved=1318 errors=817 current=docs/js/sidecar-1.5.0.js
[2026-09-20T04:25:11Z] [iter=1] Target type resolved target_type=call_site resolved=1373 errors=874 secs=194 mem_mb=652 MB
[2026-09-20T04:25:16Z] [iter=1] Step 5: Writing final enrichment file triples=27673
[2026-09-20T04:25:17Z] [iter=1] Enrichment file written path=/home/runner/work/forx/forx/storage/aggregate/lsp/5ee093b37cb410a462bdeec4ade365298d82bd30.nq.gz size_kb=548
[2026-09-20T04:25:17Z] [iter=1] PHASE END: enrich elapsed_s=222 elapsed_min=3.7 total_triples=27673
