[2026-09-19T01:16:09Z] === ENRICH ITERATION 1 START | repo=Kludex/uvicorn sha=8d397c73 ===
[2026-09-19T01:16:09Z] [iter=1] PHASE START: enrich repo=Kludex/uvicorn sha=8d397c73 runlog=/home/runner/work/forx/forx/storage/aggregate/lsp/logs/8d397c73-enrich-iter-001.log output=/home/runner/work/forx/forx/storage/aggregate/lsp/8d397c73191b49c6d5280098d7c09dbe474e00bf.nq.gz
[2026-09-19T01:16:21Z] [iter=1] Step 1: Loading AST into disk-backed store mem_mb=79 MB
[2026-09-19T01:16:25Z] [iter=1] AST store loaded triples=586648 load_secs=4 mem_mb=791 MB
[2026-09-19T01:16:25Z] [iter=1] Step 2: Finding LSP targets mem_mb=791 MB
[2026-09-19T01:16:26Z] [iter=1] LSP targets found call_sites=3634 imports=0 extends=0 implements=0 secs=1
[2026-09-19T01:16:27Z] [iter=1] Step 2.7: Building position index (one-shot, shared across resolvers) mem_mb=791 MB
[2026-09-19T01:16:30Z] [iter=1] Position index built positions=39375 nodes_with_types=51308 secs=3 mem_mb=791 MB
[2026-09-19T01:16:30Z] [iter=1] Step 3: Starting LSP resolution mem_mb=791 MB already_completed_types=[] already_completed_files=0
[2026-09-19T01:16:30Z] [iter=1] Resolving target type target_type=call_site count=3634
[2026-09-19T01:17:27Z] [iter=1] HEARTBEAT target_type=call_site elapsed_min=1.3 files_done=3 resolved=74 errors=220 current=tests/benchmarks/test_http.py
[2026-09-19T01:18:07Z] [iter=1] HEARTBEAT target_type=call_site elapsed_min=2.0 files_done=10 resolved=486 errors=361 current=uvicorn/supervisors/multiprocess.py
[2026-09-19T01:19:18Z] [iter=1] HEARTBEAT target_type=call_site elapsed_min=3.1 files_done=13 resolved=720 errors=655 current=tests/conftest.py
[2026-09-19T01:19:50Z] [iter=1] HEARTBEAT target_type=call_site elapsed_min=3.7 files_done=18 resolved=902 errors=779 current=tests/middleware/test_logging.py
[2026-09-19T01:20:28Z] [iter=1] HEARTBEAT target_type=call_site elapsed_min=4.3 files_done=23 resolved=1147 errors=929 current=uvicorn/protocols/websockets/websockets_sansio_impl.py
[2026-09-19T01:21:13Z] [iter=1] HEARTBEAT target_type=call_site elapsed_min=5.1 files_done=29 resolved=1467 errors=1101 current=tests/test_cli.py
[2026-09-19T01:21:44Z] [iter=1] HEARTBEAT target_type=call_site elapsed_min=5.6 files_done=42 resolved=1698 errors=1222 current=tests/test_main.py
[2026-09-19T01:22:02Z] [iter=1] Target type resolved target_type=call_site resolved=1779 errors=1292 secs=332 mem_mb=791 MB
[2026-09-19T01:22:07Z] [iter=1] Step 5: Writing final enrichment file triples=35328
[2026-09-19T01:22:07Z] [iter=1] Enrichment file written path=/home/runner/work/forx/forx/storage/aggregate/lsp/8d397c73191b49c6d5280098d7c09dbe474e00bf.nq.gz size_kb=702
[2026-09-19T01:22:07Z] [iter=1] PHASE END: enrich elapsed_s=358 elapsed_min=6.0 total_triples=35328
