[2026-09-19T15:05:24Z] === ENRICH ITERATION 1 START | repo=Kludex/uvicorn sha=8efa41c7 ===
[2026-09-19T15:05:24Z] [iter=1] PHASE START: enrich repo=Kludex/uvicorn sha=8efa41c7 runlog=/home/runner/work/forx/forx/storage/aggregate/lsp/logs/8efa41c7-enrich-iter-001.log output=/home/runner/work/forx/forx/storage/aggregate/lsp/8efa41c7da41f26c893204ff3fd65c0d06aa74ce.nq.gz
[2026-09-19T15:05:50Z] [iter=1] Step 1: Loading AST into disk-backed store mem_mb=79 MB
[2026-09-19T15:05:55Z] [iter=1] AST store loaded triples=503688 load_secs=5 mem_mb=787 MB
[2026-09-19T15:05:55Z] [iter=1] Step 2: Finding LSP targets mem_mb=787 MB
[2026-09-19T15:05:56Z] [iter=1] LSP targets found call_sites=3213 imports=0 extends=0 implements=0 secs=1
[2026-09-19T15:05:57Z] [iter=1] Step 2.7: Building position index (one-shot, shared across resolvers) mem_mb=787 MB
[2026-09-19T15:05:59Z] [iter=1] Position index built positions=33822 nodes_with_types=44072 secs=2 mem_mb=787 MB
[2026-09-19T15:05:59Z] [iter=1] Step 3: Starting LSP resolution mem_mb=787 MB already_completed_types=[] already_completed_files=0
[2026-09-19T15:05:59Z] [iter=1] Resolving target type target_type=call_site count=3213
[2026-09-19T15:06:00Z] [iter=1] HEARTBEAT target_type=call_site elapsed_min=0.6 files_done=0 resolved=0 errors=0 current=tests/protocols/test_websocket.py
[2026-09-19T15:06:43Z] [iter=1] HEARTBEAT target_type=call_site elapsed_min=1.3 files_done=1 resolved=36 errors=211 current=uvicorn/importer.py
[2026-09-19T15:07:25Z] [iter=1] HEARTBEAT target_type=call_site elapsed_min=2.0 files_done=7 resolved=269 errors=404 current=tests/protocols/test_http.py
[2026-09-19T15:08:05Z] [iter=1] HEARTBEAT target_type=call_site elapsed_min=2.7 files_done=9 resolved=429 errors=582 current=tests/test_ssl.py
[2026-09-19T15:08:36Z] [iter=1] HEARTBEAT target_type=call_site elapsed_min=3.2 files_done=16 resolved=823 errors=709 current=uvicorn/supervisors/watchgodreload.py
[2026-09-19T15:09:08Z] [iter=1] HEARTBEAT target_type=call_site elapsed_min=3.7 files_done=28 resolved=1226 errors=849 current=tests/protocols/test_utils.py
[2026-09-19T15:09:39Z] [iter=1] HEARTBEAT target_type=call_site elapsed_min=4.3 files_done=38 resolved=1401 errors=1005 current=uvicorn/protocols/http/flow_control.py
[2026-09-19T15:09:51Z] [iter=1] Target type resolved target_type=call_site resolved=1577 errors=1050 secs=232 mem_mb=787 MB
[2026-09-19T15:09:55Z] [iter=1] Step 5: Writing final enrichment file triples=30818
[2026-09-19T15:09:56Z] [iter=1] Enrichment file written path=/home/runner/work/forx/forx/storage/aggregate/lsp/8efa41c7da41f26c893204ff3fd65c0d06aa74ce.nq.gz size_kb=604
[2026-09-19T15:09:56Z] [iter=1] PHASE END: enrich elapsed_s=272 elapsed_min=4.5 total_triples=30818
