[2026-09-19T18:55:17Z] === ENRICH ITERATION 1 START | repo=Kludex/uvicorn sha=a05ae642 ===
[2026-09-19T18:55:17Z] [iter=1] PHASE START: enrich repo=Kludex/uvicorn sha=a05ae642 runlog=/home/runner/work/forx/forx/storage/aggregate/lsp/logs/a05ae642-enrich-iter-001.log output=/home/runner/work/forx/forx/storage/aggregate/lsp/a05ae6426cc8f224f4f1a995f46a901ab0f5644b.nq.gz
[2026-09-19T18:55:40Z] [iter=1] Step 1: Loading AST into disk-backed store mem_mb=79 MB
[2026-09-19T18:55:44Z] [iter=1] AST store loaded triples=483640 load_secs=4 mem_mb=771 MB
[2026-09-19T18:55:44Z] [iter=1] Step 2: Finding LSP targets mem_mb=771 MB
[2026-09-19T18:55:45Z] [iter=1] LSP targets found call_sites=3015 imports=0 extends=0 implements=0 secs=1
[2026-09-19T18:55:46Z] [iter=1] Step 2.7: Building position index (one-shot, shared across resolvers) mem_mb=771 MB
[2026-09-19T18:55:48Z] [iter=1] Position index built positions=32498 nodes_with_types=42291 secs=3 mem_mb=771 MB
[2026-09-19T18:55:48Z] [iter=1] Step 3: Starting LSP resolution mem_mb=771 MB already_completed_types=[] already_completed_files=0
[2026-09-19T18:55:48Z] [iter=1] Resolving target type target_type=call_site count=3015
[2026-09-19T18:55:49Z] [iter=1] HEARTBEAT target_type=call_site elapsed_min=0.5 files_done=0 resolved=0 errors=0 current=tests/test_config.py
[2026-09-19T18:57:01Z] [iter=1] HEARTBEAT target_type=call_site elapsed_min=1.7 files_done=3 resolved=149 errors=350 current=uvicorn/supervisors/watchgodreload.py
[2026-09-19T18:57:33Z] [iter=1] HEARTBEAT target_type=call_site elapsed_min=2.3 files_done=11 resolved=721 errors=474 current=tests/test_main.py
[2026-09-19T18:58:10Z] [iter=1] HEARTBEAT target_type=call_site elapsed_min=2.9 files_done=14 resolved=840 errors=642 current=tests/protocols/test_utils.py
[2026-09-19T18:58:45Z] [iter=1] HEARTBEAT target_type=call_site elapsed_min=3.5 files_done=18 resolved=941 errors=816 current=uvicorn/supervisors/statreload.py
[2026-09-19T18:59:15Z] [iter=1] HEARTBEAT target_type=call_site elapsed_min=4.0 files_done=36 resolved=1369 errors=943 current=uvicorn/importer.py
[2026-09-19T18:59:26Z] [iter=1] Target type resolved target_type=call_site resolved=1448 errors=989 secs=218 mem_mb=771 MB
[2026-09-19T18:59:30Z] [iter=1] Step 5: Writing final enrichment file triples=28775
[2026-09-19T18:59:31Z] [iter=1] Enrichment file written path=/home/runner/work/forx/forx/storage/aggregate/lsp/a05ae6426cc8f224f4f1a995f46a901ab0f5644b.nq.gz size_kb=562
[2026-09-19T18:59:31Z] [iter=1] PHASE END: enrich elapsed_s=253 elapsed_min=4.2 total_triples=28775
