[2026-09-19T11:38:26Z] === ENRICH ITERATION 1 START | repo=Kludex/uvicorn sha=a5005130 ===
[2026-09-19T11:38:26Z] [iter=1] PHASE START: enrich repo=Kludex/uvicorn sha=a5005130 runlog=/home/runner/work/forx/forx/storage/aggregate/lsp/logs/a5005130-enrich-iter-001.log output=/home/runner/work/forx/forx/storage/aggregate/lsp/a50051308509600388ed170fdedacfb673757de4.nq.gz
[2026-09-19T11:38:47Z] [iter=1] Step 1: Loading AST into disk-backed store mem_mb=79 MB
[2026-09-19T11:38:51Z] [iter=1] AST store loaded triples=520605 load_secs=4 mem_mb=789 MB
[2026-09-19T11:38:51Z] [iter=1] Step 2: Finding LSP targets mem_mb=789 MB
[2026-09-19T11:38:52Z] [iter=1] LSP targets found call_sites=3206 imports=0 extends=0 implements=0 secs=1
[2026-09-19T11:38:52Z] [iter=1] Step 2.7: Building position index (one-shot, shared across resolvers) mem_mb=789 MB
[2026-09-19T11:38:55Z] [iter=1] Position index built positions=35035 nodes_with_types=45641 secs=3 mem_mb=789 MB
[2026-09-19T11:38:55Z] [iter=1] Step 3: Starting LSP resolution mem_mb=789 MB already_completed_types=[] already_completed_files=0
[2026-09-19T11:38:55Z] [iter=1] Resolving target type target_type=call_site count=3206
[2026-09-19T11:39:17Z] [iter=1] HEARTBEAT target_type=call_site elapsed_min=0.8 files_done=1 resolved=36 errors=90 current=uvicorn/supervisors/multiprocess.py
[2026-09-19T11:39:50Z] [iter=1] HEARTBEAT target_type=call_site elapsed_min=1.4 files_done=5 resolved=345 errors=217 current=tests/protocols/test_http.py
[2026-09-19T11:40:25Z] [iter=1] HEARTBEAT target_type=call_site elapsed_min=2.0 files_done=6 resolved=400 errors=365 current=uvicorn/logging.py
[2026-09-19T11:41:23Z] [iter=1] HEARTBEAT target_type=call_site elapsed_min=2.9 files_done=9 resolved=583 errors=613 current=uvicorn/middleware/wsgi.py
[2026-09-19T11:41:55Z] [iter=1] HEARTBEAT target_type=call_site elapsed_min=3.5 files_done=17 resolved=833 errors=741 current=uvicorn/config.py
[2026-09-19T11:42:26Z] [iter=1] HEARTBEAT target_type=call_site elapsed_min=4.0 files_done=25 resolved=1206 errors=863 current=uvicorn/lifespan/on.py
[2026-09-19T11:42:57Z] [iter=1] HEARTBEAT target_type=call_site elapsed_min=4.5 files_done=36 resolved=1432 errors=997 current=tests/test_main.py
[2026-09-19T11:43:13Z] [iter=1] Target type resolved target_type=call_site resolved=1551 errors=1060 secs=258 mem_mb=789 MB
[2026-09-19T11:43:17Z] [iter=1] Step 5: Writing final enrichment file triples=30745
[2026-09-19T11:43:18Z] [iter=1] Enrichment file written path=/home/runner/work/forx/forx/storage/aggregate/lsp/a50051308509600388ed170fdedacfb673757de4.nq.gz size_kb=603
[2026-09-19T11:43:18Z] [iter=1] PHASE END: enrich elapsed_s=291 elapsed_min=4.9 total_triples=30745
