[2026-09-19T21:20:02Z] === ENRICH ITERATION 1 START | repo=Kludex/uvicorn sha=b52f3f97 ===
[2026-09-19T21:20:02Z] [iter=1] PHASE START: enrich repo=Kludex/uvicorn sha=b52f3f97 runlog=/home/runner/work/forx/forx/storage/aggregate/lsp/logs/b52f3f97-enrich-iter-001.log output=/home/runner/work/forx/forx/storage/aggregate/lsp/b52f3f97842dfa59cbef2e1e6f6606d8ea21e4c2.nq.gz
[2026-09-19T21:20:22Z] [iter=1] Step 1: Loading AST into disk-backed store mem_mb=79 MB
[2026-09-19T21:20:26Z] [iter=1] AST store loaded triples=483689 load_secs=3 mem_mb=772 MB
[2026-09-19T21:20:26Z] [iter=1] Step 2: Finding LSP targets mem_mb=772 MB
[2026-09-19T21:20:26Z] [iter=1] LSP targets found call_sites=2976 imports=0 extends=0 implements=0 secs=1
[2026-09-19T21:20:27Z] [iter=1] Step 2.7: Building position index (one-shot, shared across resolvers) mem_mb=772 MB
[2026-09-19T21:20:30Z] [iter=1] Position index built positions=32623 nodes_with_types=42488 secs=3 mem_mb=772 MB
[2026-09-19T21:20:30Z] [iter=1] Step 3: Starting LSP resolution mem_mb=772 MB already_completed_types=[] already_completed_files=0
[2026-09-19T21:20:30Z] [iter=1] Resolving target type target_type=call_site count=2976
[2026-09-19T21:20:52Z] [iter=1] HEARTBEAT target_type=call_site elapsed_min=0.8 files_done=2 resolved=37 errors=105 current=uvicorn/supervisors/multiprocess.py
[2026-09-19T21:21:37Z] [iter=1] HEARTBEAT target_type=call_site elapsed_min=1.6 files_done=5 resolved=152 errors=306 current=tests/protocols/test_websocket.py
[2026-09-19T21:22:17Z] [iter=1] HEARTBEAT target_type=call_site elapsed_min=2.2 files_done=6 resolved=184 errors=512 current=uvicorn/supervisors/watchgodreload.py
[2026-09-19T21:22:50Z] [iter=1] HEARTBEAT target_type=call_site elapsed_min=2.8 files_done=13 resolved=569 errors=650 current=uvicorn/workers.py
[2026-09-19T21:23:27Z] [iter=1] HEARTBEAT target_type=call_site elapsed_min=3.4 files_done=19 resolved=790 errors=828 current=tests/conftest.py
[2026-09-19T21:23:57Z] [iter=1] HEARTBEAT target_type=call_site elapsed_min=3.9 files_done=32 resolved=1276 errors=956 current=uvicorn/lifespan/on.py
[2026-09-19T21:24:15Z] [iter=1] Target type resolved target_type=call_site resolved=1475 errors=1031 secs=225 mem_mb=772 MB
[2026-09-19T21:24:19Z] [iter=1] Step 5: Writing final enrichment file triples=29011
[2026-09-19T21:24:19Z] [iter=1] Enrichment file written path=/home/runner/work/forx/forx/storage/aggregate/lsp/b52f3f97842dfa59cbef2e1e6f6606d8ea21e4c2.nq.gz size_kb=569
[2026-09-19T21:24:19Z] [iter=1] PHASE END: enrich elapsed_s=257 elapsed_min=4.3 total_triples=29011
