[2026-09-19T19:28:03Z] === ENRICH ITERATION 1 START | repo=Kludex/uvicorn sha=bd552df8 ===
[2026-09-19T19:28:03Z] [iter=1] PHASE START: enrich repo=Kludex/uvicorn sha=bd552df8 runlog=/home/runner/work/forx/forx/storage/aggregate/lsp/logs/bd552df8-enrich-iter-001.log output=/home/runner/work/forx/forx/storage/aggregate/lsp/bd552df8f95716d53eb6fdea80b8d6d34cbc1968.nq.gz
[2026-09-19T19:28:26Z] [iter=1] Step 1: Loading AST into disk-backed store mem_mb=79 MB
[2026-09-19T19:28:30Z] [iter=1] AST store loaded triples=484298 load_secs=4 mem_mb=773 MB
[2026-09-19T19:28:30Z] [iter=1] Step 2: Finding LSP targets mem_mb=773 MB
[2026-09-19T19:28:31Z] [iter=1] LSP targets found call_sites=3011 imports=0 extends=0 implements=0 secs=1
[2026-09-19T19:28:32Z] [iter=1] Step 2.7: Building position index (one-shot, shared across resolvers) mem_mb=773 MB
[2026-09-19T19:28:34Z] [iter=1] Position index built positions=32564 nodes_with_types=42404 secs=3 mem_mb=773 MB
[2026-09-19T19:28:34Z] [iter=1] Step 3: Starting LSP resolution mem_mb=773 MB already_completed_types=[] already_completed_files=0
[2026-09-19T19:28:34Z] [iter=1] Resolving target type target_type=call_site count=3011
[2026-09-19T19:28:35Z] [iter=1] HEARTBEAT target_type=call_site elapsed_min=0.5 files_done=0 resolved=0 errors=0 current=tests/middleware/test_wsgi.py
[2026-09-19T19:29:23Z] [iter=1] HEARTBEAT target_type=call_site elapsed_min=1.3 files_done=3 resolved=82 errors=238 current=uvicorn/main.py
[2026-09-19T19:30:09Z] [iter=1] HEARTBEAT target_type=call_site elapsed_min=2.1 files_done=8 resolved=402 errors=431 current=tests/supervisors/test_reload.py
[2026-09-19T19:30:40Z] [iter=1] HEARTBEAT target_type=call_site elapsed_min=2.6 files_done=13 resolved=645 errors=579 current=uvicorn/middleware/wsgi.py
[2026-09-19T19:31:12Z] [iter=1] HEARTBEAT target_type=call_site elapsed_min=3.2 files_done=20 resolved=967 errors=727 current=uvicorn/middleware/asgi2.py
[2026-09-19T19:31:48Z] [iter=1] HEARTBEAT target_type=call_site elapsed_min=3.8 files_done=29 resolved=1203 errors=906 current=uvicorn/protocols/http/flow_control.py
[2026-09-19T19:32:08Z] [iter=1] Target type resolved target_type=call_site resolved=1453 errors=989 secs=214 mem_mb=773 MB
[2026-09-19T19:32:12Z] [iter=1] Step 5: Writing final enrichment file triples=28834
[2026-09-19T19:32:12Z] [iter=1] Enrichment file written path=/home/runner/work/forx/forx/storage/aggregate/lsp/bd552df8f95716d53eb6fdea80b8d6d34cbc1968.nq.gz size_kb=564
[2026-09-19T19:32:12Z] [iter=1] PHASE END: enrich elapsed_s=249 elapsed_min=4.1 total_triples=28834
