[2026-09-20T03:28:35Z] === ENRICH ITERATION 1 START | repo=Kludex/uvicorn sha=e674b96c ===
[2026-09-20T03:28:35Z] [iter=1] PHASE START: enrich repo=Kludex/uvicorn sha=e674b96c runlog=/home/runner/work/forx/forx/storage/aggregate/lsp/logs/e674b96c-enrich-iter-001.log output=/home/runner/work/forx/forx/storage/aggregate/lsp/e674b96c4f9e20c2f6501b0c9e292d386931f9d0.nq.gz
[2026-09-20T03:28:52Z] [iter=1] Step 1: Loading AST into disk-backed store mem_mb=79 MB
[2026-09-20T03:28:55Z] [iter=1] AST store loaded triples=442913 load_secs=3 mem_mb=653 MB
[2026-09-20T03:28:55Z] [iter=1] Step 2: Finding LSP targets mem_mb=653 MB
[2026-09-20T03:28:56Z] [iter=1] LSP targets found call_sites=2970 imports=0 extends=0 implements=0 secs=1
[2026-09-20T03:28:56Z] [iter=1] Step 2.7: Building position index (one-shot, shared across resolvers) mem_mb=653 MB
[2026-09-20T03:28:58Z] [iter=1] Position index built positions=30119 nodes_with_types=38748 secs=2 mem_mb=653 MB
[2026-09-20T03:28:58Z] [iter=1] Step 3: Starting LSP resolution mem_mb=653 MB already_completed_types=[] already_completed_files=0
[2026-09-20T03:28:58Z] [iter=1] Resolving target type target_type=call_site count=2970
[2026-09-20T03:29:11Z] [iter=1] HEARTBEAT target_type=call_site elapsed_min=0.6 files_done=2 resolved=59 errors=30 current=tests/protocols/test_websocket.py
[2026-09-20T03:29:46Z] [iter=1] HEARTBEAT target_type=call_site elapsed_min=1.2 files_done=4 resolved=141 errors=214 current=tests/protocols/test_http.py
[2026-09-20T03:30:21Z] [iter=1] HEARTBEAT target_type=call_site elapsed_min=1.8 files_done=7 resolved=369 errors=374 current=tests/test_lifespan.py
[2026-09-20T03:30:53Z] [iter=1] HEARTBEAT target_type=call_site elapsed_min=2.3 files_done=11 resolved=549 errors=547 current=tests/test_default_headers.py
[2026-09-20T03:31:24Z] [iter=1] HEARTBEAT target_type=call_site elapsed_min=2.8 files_done=23 resolved=920 errors=681 current=tests/middleware/test_logging.py
[2026-09-20T03:31:56Z] [iter=1] HEARTBEAT target_type=call_site elapsed_min=3.4 files_done=52 resolved=1318 errors=817 current=docs/js/sidecar-1.5.0.js
[2026-09-20T03:32:08Z] [iter=1] Target type resolved target_type=call_site resolved=1372 errors=874 secs=190 mem_mb=653 MB
[2026-09-20T03:32:13Z] [iter=1] Step 5: Writing final enrichment file triples=27654
[2026-09-20T03:32:14Z] [iter=1] Enrichment file written path=/home/runner/work/forx/forx/storage/aggregate/lsp/e674b96c4f9e20c2f6501b0c9e292d386931f9d0.nq.gz size_kb=547
[2026-09-20T03:32:14Z] [iter=1] PHASE END: enrich elapsed_s=219 elapsed_min=3.6 total_triples=27654
