[2026-09-19T12:29:49Z] === ENRICH ITERATION 1 START | repo=Kludex/uvicorn sha=fe391008 ===
[2026-09-19T12:29:49Z] [iter=1] PHASE START: enrich repo=Kludex/uvicorn sha=fe391008 runlog=/home/runner/work/forx/forx/storage/aggregate/lsp/logs/fe391008-enrich-iter-001.log output=/home/runner/work/forx/forx/storage/aggregate/lsp/fe3910083e3990695bc19c2ef671dd447262ae18.nq.gz
[2026-09-19T12:30:15Z] [iter=1] Step 1: Loading AST into disk-backed store mem_mb=79 MB
[2026-09-19T12:30:19Z] [iter=1] AST store loaded triples=528014 load_secs=4 mem_mb=788 MB
[2026-09-19T12:30:19Z] [iter=1] Step 2: Finding LSP targets mem_mb=788 MB
[2026-09-19T12:30:20Z] [iter=1] LSP targets found call_sites=3266 imports=0 extends=0 implements=0 secs=1
[2026-09-19T12:30:21Z] [iter=1] Step 2.7: Building position index (one-shot, shared across resolvers) mem_mb=788 MB
[2026-09-19T12:30:24Z] [iter=1] Position index built positions=35555 nodes_with_types=46299 secs=3 mem_mb=788 MB
[2026-09-19T12:30:24Z] [iter=1] Step 3: Starting LSP resolution mem_mb=788 MB already_completed_types=[] already_completed_files=0
[2026-09-19T12:30:24Z] [iter=1] Resolving target type target_type=call_site count=3266
[2026-09-19T12:30:25Z] [iter=1] HEARTBEAT target_type=call_site elapsed_min=0.6 files_done=0 resolved=0 errors=0 current=tests/supervisors/test_multiprocess.py
[2026-09-19T12:30:55Z] [iter=1] HEARTBEAT target_type=call_site elapsed_min=1.1 files_done=3 resolved=124 errors=130 current=tests/middleware/test_logging.py
[2026-09-19T12:31:49Z] [iter=1] HEARTBEAT target_type=call_site elapsed_min=2.0 files_done=6 resolved=324 errors=350 current=uvicorn/config.py
[2026-09-19T12:32:23Z] [iter=1] HEARTBEAT target_type=call_site elapsed_min=2.6 files_done=12 resolved=595 errors=494 current=uvicorn/protocols/websockets/wsproto_impl.py
[2026-09-19T12:33:01Z] [iter=1] HEARTBEAT target_type=call_site elapsed_min=3.2 files_done=18 resolved=945 errors=660 current=uvicorn/supervisors/multiprocess.py
[2026-09-19T12:34:06Z] [iter=1] HEARTBEAT target_type=call_site elapsed_min=4.3 files_done=27 resolved=1302 errors=943 current=tests/middleware/test_proxy_headers.py
[2026-09-19T12:34:36Z] [iter=1] HEARTBEAT target_type=call_site elapsed_min=4.8 files_done=49 resolved=1597 errors=1066 current=uvicorn/loops/uvloop.py
[2026-09-19T12:34:37Z] [iter=1] Target type resolved target_type=call_site resolved=1598 errors=1070 secs=253 mem_mb=788 MB
[2026-09-19T12:34:41Z] [iter=1] Step 5: Writing final enrichment file triples=31359
[2026-09-19T12:34:42Z] [iter=1] Enrichment file written path=/home/runner/work/forx/forx/storage/aggregate/lsp/fe3910083e3990695bc19c2ef671dd447262ae18.nq.gz size_kb=617
[2026-09-19T12:34:42Z] [iter=1] PHASE END: enrich elapsed_s=293 elapsed_min=4.9 total_triples=31359
