[2026-09-19T17:58:42Z] === ENRICH ITERATION 1 START | repo=Kludex/uvicorn sha=fe85206c ===
[2026-09-19T17:58:42Z] [iter=1] PHASE START: enrich repo=Kludex/uvicorn sha=fe85206c runlog=/home/runner/work/forx/forx/storage/aggregate/lsp/logs/fe85206c-enrich-iter-001.log output=/home/runner/work/forx/forx/storage/aggregate/lsp/fe85206c5c79be52910ff1b7049591adbab72e4d.nq.gz
[2026-09-19T17:59:01Z] [iter=1] Step 1: Loading AST into disk-backed store mem_mb=79 MB
[2026-09-19T17:59:05Z] [iter=1] AST store loaded triples=486148 load_secs=4 mem_mb=773 MB
[2026-09-19T17:59:05Z] [iter=1] Step 2: Finding LSP targets mem_mb=773 MB
[2026-09-19T17:59:05Z] [iter=1] LSP targets found call_sites=3030 imports=0 extends=0 implements=0 secs=1
[2026-09-19T17:59:06Z] [iter=1] Step 2.7: Building position index (one-shot, shared across resolvers) mem_mb=773 MB
[2026-09-19T17:59:09Z] [iter=1] Position index built positions=32666 nodes_with_types=42499 secs=3 mem_mb=773 MB
[2026-09-19T17:59:09Z] [iter=1] Step 3: Starting LSP resolution mem_mb=773 MB already_completed_types=[] already_completed_files=0
[2026-09-19T17:59:09Z] [iter=1] Resolving target type target_type=call_site count=3030
[2026-09-19T17:59:15Z] [iter=1] HEARTBEAT target_type=call_site elapsed_min=0.5 files_done=1 resolved=16 errors=15 current=uvicorn/logging.py
[2026-09-19T17:59:46Z] [iter=1] HEARTBEAT target_type=call_site elapsed_min=1.1 files_done=3 resolved=106 errors=154 current=uvicorn/middleware/wsgi.py
[2026-09-19T18:00:23Z] [iter=1] HEARTBEAT target_type=call_site elapsed_min=1.7 files_done=13 resolved=506 errors=304 current=uvicorn/protocols/websockets/websockets_impl.py
[2026-09-19T18:01:24Z] [iter=1] HEARTBEAT target_type=call_site elapsed_min=2.7 files_done=19 resolved=797 errors=590 current=uvicorn/supervisors/basereload.py
[2026-09-19T18:01:56Z] [iter=1] HEARTBEAT target_type=call_site elapsed_min=3.2 files_done=23 resolved=983 errors=738 current=uvicorn/supervisors/watchgodreload.py
[2026-09-19T18:02:26Z] [iter=1] HEARTBEAT target_type=call_site elapsed_min=3.7 files_done=31 resolved=1287 errors=873 current=uvicorn/protocols/utils.py
[2026-09-19T18:02:53Z] [iter=1] Target type resolved target_type=call_site resolved=1458 errors=993 secs=225 mem_mb=773 MB
[2026-09-19T18:02:57Z] [iter=1] Step 5: Writing final enrichment file triples=29001
[2026-09-19T18:02:57Z] [iter=1] Enrichment file written path=/home/runner/work/forx/forx/storage/aggregate/lsp/fe85206c5c79be52910ff1b7049591adbab72e4d.nq.gz size_kb=565
[2026-09-19T18:02:57Z] [iter=1] PHASE END: enrich elapsed_s=256 elapsed_min=4.3 total_triples=29001
